21:23:38 **** Incremental Build of configuration Debug for project CAN_BUS_NORMAL_MODE_T ****
make -j12 all 
arm-none-eabi-gcc "../Core/Src/main.c" -mcpu=cortex-m3 -std=gnu11 -g3 -DDEBUG -DUSE_HAL_DRIVER -DSTM32F103xB -c -I../Core/Inc -I../Drivers/STM32F1xx_HAL_Driver/Inc -I../Drivers/STM32F1xx_HAL_Driver/Inc/Legacy -I../Drivers/CMSIS/Device/ST/STM32F1xx/Include -I../Drivers/CMSIS/Include -O0 -ffunction-sections -fdata-sections -Wall -fstack-usage -MMD -MP -MF"Core/Src/main.d" -MT"Core/Src/main.o" --specs=nano.specs -mfloat-abi=soft -mthumb -o "Core/Src/main.o"
arm-none-eabi-g++ -o "CAN_BUS_NORMAL_MODE_T.elf" @"objects.list"   -mcpu=cortex-m3 -T"/home/huynh/repos/STM32CubeIDE/workspace_1.8.0/CAN_BUS_NORMAL_MODE_T/STM32F103C8TX_FLASH.ld" --specs=nosys.specs -Wl,-Map="CAN_BUS_NORMAL_MODE_T.map" -Wl,--gc-sections -static --specs=nano.specs -mfloat-abi=soft -mthumb -Wl,--start-group -lc -lm -lstdc++ -lsupc++ -Wl,--end-group
Finished building target: CAN_BUS_NORMAL_MODE_T.elf
 
arm-none-eabi-size   CAN_BUS_NORMAL_MODE_T.elf 
arm-none-eabi-objdump -h -S  CAN_BUS_NORMAL_MODE_T.elf  > "CAN_BUS_NORMAL_MODE_T.list"
arm-none-eabi-objcopy  -O binary  CAN_BUS_NORMAL_MODE_T.elf  "CAN_BUS_NORMAL_MODE_T.bin"
   text	   data	    bss	    dec	    hex	filename
   8644	     20	   1684	  10348	   286c	CAN_BUS_NORMAL_MODE_T.elf
Finished building: default.size.stdout
 
Finished building: CAN_BUS_NORMAL_MODE_T.bin
 
Finished building: CAN_BUS_NORMAL_MODE_T.list
 
21:23:40 **** Incremental Build of configuration Debug for project CAN_BUS_NORMAL_MODE_T ****
make -j12 all 
arm-none-eabi-size   CAN_BUS_NORMAL_MODE_T.elf 
   text	   data	    bss	    dec	    hex	filename
   8644	     20	   1684	  10348	   286c	CAN_BUS_NORMAL_MODE_T.elf
Finished building: default.size.stdout
 
21:25:32 **** Incremental Build of configuration Debug for project CAN_BUS_NORMAL_MODE_T ****
make -j12 all 
arm-none-eabi-size   CAN_BUS_NORMAL_MODE_T.elf 
   text	   data	    bss	    dec	    hex	filename
   8644	     20	   1684	  10348	   286c	CAN_BUS_NORMAL_MODE_T.elf
Finished building: default.size.stdout
 
21:28:58 **** Incremental Build of configuration Debug for project CAN_BUS_NORMAL_MODE_R ****
make -j12 all 
arm-none-eabi-size   CAN_BUS_NORMAL_MODE_R.elf 
   text	   data	    bss	    dec	    hex	filename
   8428	     20	   1684	  10132	   2794	CAN_BUS_NORMAL_MODE_R.elf
Finished building: default.size.stdout
 
21:29:00 **** Incremental Build of configuration Debug for project CAN_BUS_NORMAL_MODE_R ****
make -j12 all 
arm-none-eabi-size   CAN_BUS_NORMAL_MODE_R.elf 
   text	   data	    bss	    dec	    hex	filename
   8428	     20	   1684	  10132	   2794	CAN_BUS_NORMAL_MODE_R.elf
Finished building: default.size.stdout
 
21:30:09 **** Incremental Build of configuration Debug for project CAN_BUS_NORMAL_MODE_R ****
make -j12 all 
arm-none-eabi-gcc "../Core/Src/main.c" -mcpu=cortex-m3 -std=gnu11 -g3 -DDEBUG -DUSE_HAL_DRIVER -DSTM32F103xB -c -I../Core/Inc -I../Drivers/STM32F1xx_HAL_Driver/Inc -I../Drivers/STM32F1xx_HAL_Driver/Inc/Legacy -I../Drivers/CMSIS/Device/ST/STM32F1xx/Include -I../Drivers/CMSIS/Include -O0 -ffunction-sections -fdata-sections -Wall -fstack-usage -MMD -MP -MF"Core/Src/main.d" -MT"Core/Src/main.o" --specs=nano.specs -mfloat-abi=soft -mthumb -o "Core/Src/main.o"
arm-none-eabi-g++ -o "CAN_BUS_NORMAL_MODE_R.elf" @"objects.list"   -mcpu=cortex-m3 -T"/home/huynh/repos/STM32CubeIDE/workspace_1.8.0/CAN_BUS_NORMAL_MODE_R/STM32F103C8TX_FLASH.ld" --specs=nosys.specs -Wl,-Map="CAN_BUS_NORMAL_MODE_R.map" -Wl,--gc-sections -static --specs=nano.specs -mfloat-abi=soft -mthumb -Wl,--start-group -lc -lm -lstdc++ -lsupc++ -Wl,--end-group
Finished building target: CAN_BUS_NORMAL_MODE_R.elf
 
arm-none-eabi-size   CAN_BUS_NORMAL_MODE_R.elf 
arm-none-eabi-objdump -h -S  CAN_BUS_NORMAL_MODE_R.elf  > "CAN_BUS_NORMAL_MODE_R.list"
arm-none-eabi-objcopy  -O binary  CAN_BUS_NORMAL_MODE_R.elf  "CAN_BUS_NORMAL_MODE_R.bin"
   text	   data	    bss	    dec	    hex	filename
   8428	     20	   1684	  10132	   2794	CAN_BUS_NORMAL_MODE_R.elf
Finished building: default.size.stdout
 
Finished building: CAN_BUS_NORMAL_MODE_R.bin
 
Finished building: CAN_BUS_NORMAL_MODE_R.list
 
21:31:14 **** Incremental Build of configuration Debug for project CAN_BUS_NORMAL_MODE_R ****
make -j12 all 
arm-none-eabi-gcc "../Core/Src/main.c" -mcpu=cortex-m3 -std=gnu11 -g3 -DDEBUG -DUSE_HAL_DRIVER -DSTM32F103xB -c -I../Core/Inc -I../Drivers/STM32F1xx_HAL_Driver/Inc -I../Drivers/STM32F1xx_HAL_Driver/Inc/Legacy -I../Drivers/CMSIS/Device/ST/STM32F1xx/Include -I../Drivers/CMSIS/Include -O0 -ffunction-sections -fdata-sections -Wall -fstack-usage -MMD -MP -MF"Core/Src/main.d" -MT"Core/Src/main.o" --specs=nano.specs -mfloat-abi=soft -mthumb -o "Core/Src/main.o"
arm-none-eabi-g++ -o "CAN_BUS_NORMAL_MODE_R.elf" @"objects.list"   -mcpu=cortex-m3 -T"/home/huynh/repos/STM32CubeIDE/workspace_1.8.0/CAN_BUS_NORMAL_MODE_R/STM32F103C8TX_FLASH.ld" --specs=nosys.specs -Wl,-Map="CAN_BUS_NORMAL_MODE_R.map" -Wl,--gc-sections -static --specs=nano.specs -mfloat-abi=soft -mthumb -Wl,--start-group -lc -lm -lstdc++ -lsupc++ -Wl,--end-group
Finished building target: CAN_BUS_NORMAL_MODE_R.elf
 
arm-none-eabi-size   CAN_BUS_NORMAL_MODE_R.elf 
arm-none-eabi-objdump -h -S  CAN_BUS_NORMAL_MODE_R.elf  > "CAN_BUS_NORMAL_MODE_R.list"
arm-none-eabi-objcopy  -O binary  CAN_BUS_NORMAL_MODE_R.elf  "CAN_BUS_NORMAL_MODE_R.bin"
   text	   data	    bss	    dec	    hex	filename
   8428	     20	   1684	  10132	   2794	CAN_BUS_NORMAL_MODE_R.elf
Finished building: default.size.stdout
 
Finished building: CAN_BUS_NORMAL_MODE_R.bin
 
Finished building: CAN_BUS_NORMAL_MODE_R.list
 
21:31:25 **** Incremental Build of configuration Debug for project CAN_BUS_NORMAL_MODE_R ****
make -j12 all 
arm-none-eabi-size   CAN_BUS_NORMAL_MODE_R.elf 
   text	   data	    bss	    dec	    hex	filename
   8428	     20	   1684	  10132	   2794	CAN_BUS_NORMAL_MODE_R.elf
Finished building: default.size.stdout
 
21:41:37 **** Incremental Build of configuration Debug for project CAN_BUS_NORMAL_MODE_R ****
make -j12 all 
arm-none-eabi-gcc "../Core/Src/main.c" -mcpu=cortex-m3 -std=gnu11 -g3 -DDEBUG -DUSE_HAL_DRIVER -DSTM32F103xB -c -I../Core/Inc -I../Drivers/STM32F1xx_HAL_Driver/Inc -I../Drivers/STM32F1xx_HAL_Driver/Inc/Legacy -I../Drivers/CMSIS/Device/ST/STM32F1xx/Include -I../Drivers/CMSIS/Include -O0 -ffunction-sections -fdata-sections -Wall -fstack-usage -MMD -MP -MF"Core/Src/main.d" -MT"Core/Src/main.o" --specs=nano.specs -mfloat-abi=soft -mthumb -o "Core/Src/main.o"
arm-none-eabi-g++ -o "CAN_BUS_NORMAL_MODE_R.elf" @"objects.list"   -mcpu=cortex-m3 -T"/home/huynh/repos/STM32CubeIDE/workspace_1.8.0/CAN_BUS_NORMAL_MODE_R/STM32F103C8TX_FLASH.ld" --specs=nosys.specs -Wl,-Map="CAN_BUS_NORMAL_MODE_R.map" -Wl,--gc-sections -static --specs=nano.specs -mfloat-abi=soft -mthumb -Wl,--start-group -lc -lm -lstdc++ -lsupc++ -Wl,--end-group
Finished building target: CAN_BUS_NORMAL_MODE_R.elf
 
arm-none-eabi-size   CAN_BUS_NORMAL_MODE_R.elf 
arm-none-eabi-objdump -h -S  CAN_BUS_NORMAL_MODE_R.elf  > "CAN_BUS_NORMAL_MODE_R.list"
arm-none-eabi-objcopy  -O binary  CAN_BUS_NORMAL_MODE_R.elf  "CAN_BUS_NORMAL_MODE_R.bin"
   text	   data	    bss	    dec	    hex	filename
   8512	     20	   1684	  10216	   27e8	CAN_BUS_NORMAL_MODE_R.elf
Finished building: default.size.stdout
 
Finished building: CAN_BUS_NORMAL_MODE_R.bin
 
Finished building: CAN_BUS_NORMAL_MODE_R.list
 
21:43:15 **** Incremental Build of configuration Debug for project CAN_BUS_NORMAL_MODE_T ****
make -j12 all 
arm-none-eabi-gcc "../Core/Src/main.c" -mcpu=cortex-m3 -std=gnu11 -g3 -DDEBUG -DUSE_HAL_DRIVER -DSTM32F103xB -c -I../Core/Inc -I../Drivers/STM32F1xx_HAL_Driver/Inc -I../Drivers/STM32F1xx_HAL_Driver/Inc/Legacy -I../Drivers/CMSIS/Device/ST/STM32F1xx/Include -I../Drivers/CMSIS/Include -O0 -ffunction-sections -fdata-sections -Wall -fstack-usage -MMD -MP -MF"Core/Src/main.d" -MT"Core/Src/main.o" --specs=nano.specs -mfloat-abi=soft -mthumb -o "Core/Src/main.o"
arm-none-eabi-g++ -o "CAN_BUS_NORMAL_MODE_T.elf" @"objects.list"   -mcpu=cortex-m3 -T"/home/huynh/repos/STM32CubeIDE/workspace_1.8.0/CAN_BUS_NORMAL_MODE_T/STM32F103C8TX_FLASH.ld" --specs=nosys.specs -Wl,-Map="CAN_BUS_NORMAL_MODE_T.map" -Wl,--gc-sections -static --specs=nano.specs -mfloat-abi=soft -mthumb -Wl,--start-group -lc -lm -lstdc++ -lsupc++ -Wl,--end-group
Finished building target: CAN_BUS_NORMAL_MODE_T.elf
 
arm-none-eabi-size   CAN_BUS_NORMAL_MODE_T.elf 
arm-none-eabi-objdump -h -S  CAN_BUS_NORMAL_MODE_T.elf  > "CAN_BUS_NORMAL_MODE_T.list"
arm-none-eabi-objcopy  -O binary  CAN_BUS_NORMAL_MODE_T.elf  "CAN_BUS_NORMAL_MODE_T.bin"
   text	   data	    bss	    dec	    hex	filename
   8728	     20	   1684	  10432	   28c0	CAN_BUS_NORMAL_MODE_T.elf
Finished building: default.size.stdout
 
Finished building: CAN_BUS_NORMAL_MODE_T.bin
 
Finished building: CAN_BUS_NORMAL_MODE_T.list
 
