18:32:43 **** Incremental Build of configuration Debug for project Olymp_ReflowOven ****
make -j12 all 
arm-none-eabi-gcc "../Core/Src/main.c" -mcpu=cortex-m3 -std=gnu11 -g3 -DDEBUG -DUSE_HAL_DRIVER -DSTM32F103xB -c -I../Core/Inc -I../Drivers/STM32F1xx_HAL_Driver/Inc -I../Drivers/STM32F1xx_HAL_Driver/Inc/Legacy -I../Drivers/CMSIS/Device/ST/STM32F1xx/Include -I../Drivers/CMSIS/Include -O0 -ffunction-sections -fdata-sections -Wall -fstack-usage -MMD -MP -MF"Core/Src/main.d" -MT"Core/Src/main.o" --specs=nano.specs -mfloat-abi=soft -mthumb -o "Core/Src/main.o"
arm-none-eabi-g++ -o "Olymp_ReflowOven.elf" @"objects.list"   -mcpu=cortex-m3 -T"/home/huynh/repos/STM32CubeIDE/workspace_1.8.0/Olymp_ReflowOven/STM32F103C8TX_FLASH.ld" --specs=nosys.specs -Wl,-Map="Olymp_ReflowOven.map" -Wl,--gc-sections -static --specs=nano.specs -mfloat-abi=soft -mthumb -Wl,--start-group -lc -lm -lstdc++ -lsupc++ -Wl,--end-group
Finished building target: Olymp_ReflowOven.elf
 
arm-none-eabi-size   Olymp_ReflowOven.elf 
arm-none-eabi-objdump -h -S  Olymp_ReflowOven.elf  > "Olymp_ReflowOven.list"
arm-none-eabi-objcopy  -O binary  Olymp_ReflowOven.elf  "Olymp_ReflowOven.bin"
   text	   data	    bss	    dec	    hex	filename
   4876	     20	   1580	   6476	   194c	Olymp_ReflowOven.elf
Finished building: default.size.stdout
 
Finished building: Olymp_ReflowOven.bin
 
Finished building: Olymp_ReflowOven.list
 

18:32:43 Build Finished. 0 errors, 0 warnings. (took 328ms)

